
sml3s@Samuel-PC MINGW64 ~/workspace-PDS1/SistemaExtensaoSTS-1
$ git init
Initialized empty Git repository in C:/Users/sml3s/workspace-PDS1/SistemaExtensaoSTS-1/.git/

sml3s@Samuel-PC MINGW64 ~/workspace-PDS1/SistemaExtensaoSTS-1 (master)
$ git add .
warning: LF will be replaced by CRLF in .gitignore.
The file will have its original line endings in your working directory
warning: LF will be replaced by CRLF in .mvn/wrapper/MavenWrapperDownloader.java.
The file will have its original line endings in your working directory
warning: LF will be replaced by CRLF in .mvn/wrapper/maven-wrapper.properties.
The file will have its original line endings in your working directory
warning: LF will be replaced by CRLF in mvnw.
The file will have its original line endings in your working directory
warning: LF will be replaced by CRLF in mvnw.cmd.
The file will have its original line endings in your working directory
warning: LF will be replaced by CRLF in pom.xml.
The file will have its original line endings in your working directory
warning: LF will be replaced by CRLF in src/main/java/br/edu/iftm/extensao/SistemaExtensaoSts1Application.java.
The file will have its original line endings in your working directory
warning: LF will be replaced by CRLF in src/main/resources/application.properties.
The file will have its original line endings in your working directory
warning: LF will be replaced by CRLF in src/test/java/br/edu/iftm/extensao/SistemaExtensaoSts1ApplicationTests.java.
The file will have its original line endings in your working directory

sml3s@Samuel-PC MINGW64 ~/workspace-PDS1/SistemaExtensaoSTS-1 (master)
$ git commit -m"Versão inicial do projeto"
[master (root-commit) 8c92b80] Versão inicial do projeto
 10 files changed, 666 insertions(+)
 create mode 100644 .gitignore
 create mode 100644 .mvn/wrapper/MavenWrapperDownloader.java
 create mode 100644 .mvn/wrapper/maven-wrapper.jar
 create mode 100644 .mvn/wrapper/maven-wrapper.properties
 create mode 100644 mvnw
 create mode 100644 mvnw.cmd
 create mode 100644 pom.xml
 create mode 100644 src/main/java/br/edu/iftm/extensao/SistemaExtensaoSts1Application.java
 create mode 100644 src/main/resources/application.properties
 create mode 100644 src/test/java/br/edu/iftm/extensao/SistemaExtensaoSts1ApplicationTests.java

sml3s@Samuel-PC MINGW64 ~/workspace-PDS1/SistemaExtensaoSTS-1 (master)
$ git branch -v
* master 8c92b80 Versão inicial do projeto

sml3s@Samuel-PC MINGW64 ~/workspace-PDS1/SistemaExtensaoSTS-1 (master)
$ git branch design

sml3s@Samuel-PC MINGW64 ~/workspace-PDS1/SistemaExtensaoSTS-1 (master)
$ git checkout design
Switched to branch 'design'

sml3s@Samuel-PC MINGW64 ~/workspace-PDS1/SistemaExtensaoSTS-1 (design)
$ git add .

sml3s@Samuel-PC MINGW64 ~/workspace-PDS1/SistemaExtensaoSTS-1 (design)
$ git commit -m"nova classe teste"
[design 1df331e] nova classe teste
 1 file changed, 5 insertions(+)
 create mode 100644 src/main/java/br/edu/iftm/extensao/Teste.java

sml3s@Samuel-PC MINGW64 ~/workspace-PDS1/SistemaExtensaoSTS-1 (design)
$ git checkout -b loja
Switched to a new branch 'loja'

sml3s@Samuel-PC MINGW64 ~/workspace-PDS1/SistemaExtensaoSTS-1 (loja)
$ git branch
  design
* loja
  master

sml3s@Samuel-PC MINGW64 ~/workspace-PDS1/SistemaExtensaoSTS-1 (loja)
$ git checkout master
Switched to branch 'master'

sml3s@Samuel-PC MINGW64 ~/workspace-PDS1/SistemaExtensaoSTS-1 (master)
$ git branch -D loja
Deleted branch loja (was 1df331e).

sml3s@Samuel-PC MINGW64 ~/workspace-PDS1/SistemaExtensaoSTS-1 (master)
$ git status
On branch master
Untracked files:
  (use "git add <file>..." to include in what will be committed)

        src/main/java/br/edu/iftm/extensao/TesteMaster.java

nothing added to commit but untracked files present (use "git add" to track)

sml3s@Samuel-PC MINGW64 ~/workspace-PDS1/SistemaExtensaoSTS-1 (master)
$ git add .

sml3s@Samuel-PC MINGW64 ~/workspace-PDS1/SistemaExtensaoSTS-1 (master)
$ git commit -m"nova classe TesteMaster"
[master 5e407a0] nova classe TesteMaster
 1 file changed, 5 insertions(+)
 create mode 100644 src/main/java/br/edu/iftm/extensao/TesteMaster.java

sml3s@Samuel-PC MINGW64 ~/workspace-PDS1/SistemaExtensaoSTS-1 (master)
$ git log --oneline --parents --decorate
5e407a0 8c92b80 (HEAD -> master) nova classe TesteMaster
8c92b80 Versão inicial do projeto

sml3s@Samuel-PC MINGW64 ~/workspace-PDS1/SistemaExtensaoSTS-1 (master)
$ git branch --no-merged
  design

sml3s@Samuel-PC MINGW64 ~/workspace-PDS1/SistemaExtensaoSTS-1 (master)
$ git merge design -m"Mesclando com a branch design"
Merge made by the 'recursive' strategy.
 src/main/java/br/edu/iftm/extensao/Teste.java | 5 +++++
 1 file changed, 5 insertions(+)
 create mode 100644 src/main/java/br/edu/iftm/extensao/Teste.java

sml3s@Samuel-PC MINGW64 ~/workspace-PDS1/SistemaExtensaoSTS-1 (master)
$ git log --oneline --parents --decorate --all
d772826 5e407a0 1df331e (HEAD -> master) Mesclando com a branch design
5e407a0 8c92b80 nova classe TesteMaster
1df331e 8c92b80 (design) nova classe teste
8c92b80 Versão inicial do projeto

sml3s@Samuel-PC MINGW64 ~/workspace-PDS1/SistemaExtensaoSTS-1 (master)
$ git checkout design
Switched to branch 'design'

sml3s@Samuel-PC MINGW64 ~/workspace-PDS1/SistemaExtensaoSTS-1 (design)
$ git checkout master
Switched to branch 'master'
M       src/main/java/br/edu/iftm/extensao/Teste.java

sml3s@Samuel-PC MINGW64 ~/workspace-PDS1/SistemaExtensaoSTS-1 (master)
$ git rebase design
error: cannot rebase: You have unstaged changes.
error: Please commit or stash them.

sml3s@Samuel-PC MINGW64 ~/workspace-PDS1/SistemaExtensaoSTS-1 (master)
$ git branch --no-merged

sml3s@Samuel-PC MINGW64 ~/workspace-PDS1/SistemaExtensaoSTS-1 (master)
$ git merge design -m"Mesclando alteração"
Already up to date.

sml3s@Samuel-PC MINGW64 ~/workspace-PDS1/SistemaExtensaoSTS-1 (master)
$ git status
On branch master
Changes not staged for commit:
  (use "git add <file>..." to update what will be committed)
  (use "git checkout -- <file>..." to discard changes in working directory)

        modified:   src/main/java/br/edu/iftm/extensao/Teste.java

no changes added to commit (use "git add" and/or "git commit -a")

sml3s@Samuel-PC MINGW64 ~/workspace-PDS1/SistemaExtensaoSTS-1 (master)
$ git add .

sml3s@Samuel-PC MINGW64 ~/workspace-PDS1/SistemaExtensaoSTS-1 (master)
$ git commit -m"Salvando alteração"
[master fdc8dfc] Salvando alteração
 1 file changed, 2 insertions(+)

sml3s@Samuel-PC MINGW64 ~/workspace-PDS1/SistemaExtensaoSTS-1 (master)
$ git merge design -m"Mesclando alteração"
Already up to date.

sml3s@Samuel-PC MINGW64 ~/workspace-PDS1/SistemaExtensaoSTS-1 (master)
$ git tag

sml3s@Samuel-PC MINGW64 ~/workspace-PDS1/SistemaExtensaoSTS-1 (master)
$ git log --oneline --parents --decorate --all
fdc8dfc d772826 (HEAD -> master) Salvando alteração
d772826 5e407a0 1df331e Mesclando com a branch design
5e407a0 8c92b80 nova classe TesteMaster
1df331e 8c92b80 (design) nova classe teste
8c92b80 Versão inicial do projeto

sml3s@Samuel-PC MINGW64 ~/workspace-PDS1/SistemaExtensaoSTS-1 (master)
$ git tag inicio 8c92b80

sml3s@Samuel-PC MINGW64 ~/workspace-PDS1/SistemaExtensaoSTS-1 (master)
$ git tag vteste fdc8dfc

sml3s@Samuel-PC MINGW64 ~/workspace-PDS1/SistemaExtensaoSTS-1 (master)
$ git show -s inicio
commit 8c92b809970ce871abfa85f83847b8509f27e643 (tag: inicio)
Author: sml3s <sml3s2g@gmail.com>
Date:   Sat Sep 7 14:58:39 2019 -0300

    Versão inicial do projeto

sml3s@Samuel-PC MINGW64 ~/workspace-PDS1/SistemaExtensaoSTS-1 (master)
$ git show -s vteste
commit fdc8dfc322c29647f3dac8d5c583cd6b74fd587d (HEAD -> master, tag: vteste)
Author: sml3s <sml3s2g@gmail.com>
Date:   Sat Sep 7 15:17:03 2019 -0300

    Salvando alteração

sml3s@Samuel-PC MINGW64 ~/workspace-PDS1/SistemaExtensaoSTS-1 (master)
$ git tag -d inicio
Deleted tag 'inicio' (was 8c92b80)

sml3s@Samuel-PC MINGW64 ~/workspace-PDS1/SistemaExtensaoSTS-1 (master)
$ git status
On branch master
nothing to commit, working tree clean

sml3s@Samuel-PC MINGW64 ~/workspace-PDS1/SistemaExtensaoSTS-1 (master)
$ git remote add origin https://github.com/SML3S/Exerc-cios-Git-e-Github-2-branches-e-tags.git

sml3s@Samuel-PC MINGW64 ~/workspace-PDS1/SistemaExtensaoSTS-1 (master)
$ git push origin
fatal: The current branch master has no upstream branch.
To push the current branch and set the remote as upstream, use

    git push --set-upstream origin master


sml3s@Samuel-PC MINGW64 ~/workspace-PDS1/SistemaExtensaoSTS-1 (master)
$ git push origin master
Enumerating objects: 67, done.
Counting objects: 100% (67/67), done.
Delta compression using up to 4 threads
Compressing objects: 100% (40/40), done.
Writing objects: 100% (67/67), 52.12 KiB | 1.13 MiB/s, done.
Total 67 (delta 8), reused 0 (delta 0)
remote: Resolving deltas: 100% (8/8), done.
To https://github.com/SML3S/Exerc-cios-Git-e-Github-2-branches-e-tags.git
 * [new branch]      master -> master

sml3s@Samuel-PC MINGW64 ~/workspace-PDS1/SistemaExtensaoSTS-1 (master)
$
